---
apiVersion: networking.k8s.io/v1
kind: IngressClass
metadata:
  annotations:
    ingressclass.kubernetes.io/is-default-class: "true"
  labels:
    app: controller
    class: nginx
    heritage: deckhouse
    module: ingress-nginx
  name: nginx
spec:
  controller: ingress-nginx.deckhouse.io/nginx
