apiVersion: v1
data:
  client.crt: dGVzdHN0cmluZw==
  client.key: dGVzdHN0cmluZw==
kind: Secret
metadata:
  labels:
    heritage: deckhouse
    module: ingress-nginx
  name: ingress-nginx-test-lbwpp-auth-tls
  namespace: d8-ingress-nginx
