---
apiVersion: v1
data:
  accept-requests-from.conf: |-
    allow 67.34.56.23/32;
    deny all;
kind: ConfigMap
metadata:
  labels:
    app: proxy-failover
    heritage: deckhouse
    module: ingress-nginx
    name: solid
  name: proxy-solid-failover-config
  namespace: d8-ingress-nginx
