---
apiVersion: autoscaling.k8s.io/v1
kind: VerticalPodAutoscaler
metadata:
  labels:
    app: proxy-failover
    heritage: deckhouse
    module: ingress-nginx
    name: solid
  name: proxy-solid-failover
  namespace: d8-ingress-nginx
spec:
  targetRef:
    apiVersion: apps.kruise.io/v1alpha1
    kind: DaemonSet
    name: proxy-solid-failover
  updatePolicy:
    updateMode: "Off"
---
apiVersion: policy/v1
kind: PodDisruptionBudget
metadata:
  labels:
    app: proxy-failover
    heritage: deckhouse
    module: ingress-nginx
    name: solid
  name: proxy-solid-failover
  namespace: d8-ingress-nginx
spec:
  maxUnavailable: 1
  selector:
    matchLabels:
      app: proxy-failover
      name: solid
---
apiVersion: apps.kruise.io/v1alpha1
kind: DaemonSet
metadata:
  annotations:
    ingress-nginx-controller.deckhouse.io/checksum: 93820e98a168de07c96e120909bc812ebf9655a8f81be88ef5b8799a9ee02445
  labels:
    app: proxy-failover
    heritage: deckhouse
    module: ingress-nginx
    name: solid
  name: proxy-solid-failover
  namespace: d8-ingress-nginx
spec:
  selector:
    matchLabels:
      app: proxy-failover
      name: solid
  template:
    metadata:
      labels:
        app: proxy-failover
        name: solid
    spec:
      containers:
      - env:
        - name: CONTROLLER_NAME
          value: solid
        image: registry.example.com@imageHash-ingressNginx-proxyFailover
        livenessProbe:
          httpGet:
            host: 127.0.0.1
            path: /status
            port: 10255
          initialDelaySeconds: 3
        name: controller
        readinessProbe:
          httpGet:
            host: 127.0.0.1
            path: /status
            port: 10255
          initialDelaySeconds: 3
        resources:
          requests:
            cpu: 350m
            ephemeral-storage: 50Mi
            memory: 500Mi
        securityContext:
          capabilities:
            add:
            - NET_RAW
            - NET_ADMIN
            - NET_BIND_SERVICE
          runAsGroup: 64535
          runAsNonRoot: true
          runAsUser: 64535
        volumeMounts:
        - mountPath: /opt/nginx-static/additional-conf
          name: additional-config
          readOnly: true
      - image: registry.example.com@imageHash-ingressNginx-proxyFailoverIptables
        name: iptables-loop
        resources:
          requests:
            cpu: 10m
            ephemeral-storage: 50Mi
            memory: 20Mi
        securityContext:
          capabilities:
            add:
            - NET_RAW
            - NET_ADMIN
          runAsNonRoot: false
        volumeMounts:
        - mountPath: /run/xtables.lock
          name: xtables-lock
          readOnly: false
      - args:
        - -web.listen-address=127.0.0.1:10354
        - -nginx.scrape-uri=http://127.0.0.1:10253/nginx_status
        - -nginx.ssl-verify=false
        - -nginx.retries=10
        - -nginx.retry-interval=6s
        image: registry.example.com@imageHash-ingressNginx-nginxExporter
        livenessProbe:
          httpGet:
            host: 127.0.0.1
            path: /metrics
            port: 10354
        name: nginx-exporter
        resources:
          requests:
            cpu: 10m
            ephemeral-storage: 50Mi
            memory: 20Mi
        securityContext:
          runAsGroup: 64535
          runAsNonRoot: true
          runAsUser: 64535
      - args:
        - --secure-listen-address=$(KUBE_RBAC_PROXY_LISTEN_ADDRESS):4208
        - --v=2
        - --logtostderr=true
        - --stale-cache-interval=1h30m
        env:
        - name: KUBE_RBAC_PROXY_LISTEN_ADDRESS
          valueFrom:
            fieldRef:
              fieldPath: status.podIP
        - name: KUBE_RBAC_PROXY_CONFIG
          value: |
            upstreams:
            - upstream: http://127.0.0.1:10354/metrics
              path: /metrics
              authorization:
                resourceAttributes:
                  namespace: d8-ingress-nginx
                  apiGroup: apps
                  apiVersion: v1
                  resource: daemonsets
                  subresource: prometheus-metrics
                  name: proxy-failover
        image: registry.example.com@imageHash-common-kubeRbacProxy
        name: kube-rbac-proxy
        ports:
        - containerPort: 4208
          name: https-metrics
        resources:
          requests:
            cpu: 10m
            ephemeral-storage: 50Mi
            memory: 20Mi
      dnsPolicy: ClusterFirstWithHostNet
      hostNetwork: true
      imagePullSecrets:
      - name: deckhouse-registry
      serviceAccountName: ingress-nginx
      terminationGracePeriodSeconds: 300
      tolerations:
      - key: dedicated.deckhouse.io
        operator: Equal
        value: ingress-nginx
      - key: dedicated.deckhouse.io
        operator: Equal
        value: frontend
      - key: drbd.linbit.com/lost-quorum
      - key: drbd.linbit.com/force-io-error
      - key: drbd.linbit.com/ignore-fail-over
      volumes:
      - configMap:
          name: proxy-solid-failover-config
        name: additional-config
      - hostPath:
          path: /run/xtables.lock
          type: FileOrCreate
        name: xtables-lock
  updateStrategy:
    rollingUpdate:
      maxSurge: 0
      maxUnavailable: 1
    type: RollingUpdate
