---
apiVersion: deckhouse.io/v1alpha1
kind: ModuleSource
metadata:
  annotations:
    modules.deckhouse.io/registry-spec-checksum: c12a99d96e9ec5e0b07d24cc9615835f
  creationTimestamp: null
  finalizers:
  - modules.deckhouse.io/release-exists
  name: test
  resourceVersion: "999"
spec:
  registry:
    ca: ""
    dockerCfg: ""
    repo: ""
status:
  message: ""
  modules: null
  modulesCount: 0
  syncTime: null
---
apiVersion: deckhouse.io/v1alpha1
kind: ModuleRelease
metadata:
  annotations:
    release.deckhouse.io/approved: "true"
  creationTimestamp: null
  labels:
    module: echo
    modules.deckhouse.io/update-policy: echo
    release-checksum: fd59af7328ed891b53cc999f242b0866
    source: test
  name: echo-v0.4.69
  resourceVersion: "1000"
spec:
  moduleName: echo
  version: 0.4.69
  weight: 900
status:
  approved: false
  message: 'Release is waiting for the ''modules.deckhouse.io/approved: "true"'' annotation'
  phase: Pending
  pullDuration: 0s
  size: 0
  transitionTime: "2019-10-17T15:33:00Z"
