---
apiVersion: deckhouse.io/v1alpha1
kind: ModuleSource
metadata:
  annotations:
    modules.deckhouse.io/registry-spec-checksum: 38557e472e4e2bd8695fc58a255ec3dd
  creationTimestamp: null
  finalizers:
  - modules.deckhouse.io/release-exists
  name: foxtrot
  resourceVersion: "999"
spec:
  registry:
    ca: ""
    dockerCfg: YXNiCg==
    repo: dev-registry.deckhouse.io/team/foxtrot/modules
    scheme: HTTPS
  releaseChannel: ""
status:
  message: ""
  moduleErrors: []
  modules:
  - name: mcplay
    policy: foxtrot-alpha
  - name: parca
    policy: foxtrot-alpha
  modulesCount: 2
  syncTime: "2024-05-03T21:05:05Z"
---
apiVersion: deckhouse.io/v1alpha1
kind: ModuleRelease
metadata:
  annotations:
    release.deckhouse.io/notified: "false"
  creationTimestamp: null
  labels:
    module: parca
    modules.deckhouse.io/update-policy: foxtrot-alpha
    release-checksum: 98d00f741c99e06e6c6c4d18b763c550
    source: foxtrot
  name: parca-v1.4.3
  ownerReferences:
  - apiVersion: deckhouse.io/v1alpha1
    controller: true
    kind: ModuleSource
    name: foxtrot
    uid: 71d2300f-700b-452a-896a-6a3805f9cef7
  resourceVersion: "1002"
spec:
  changelog:
    features:
    - Bump parca version
  moduleName: parca
  version: 1.4.3
  weight: 900
status:
  approved: false
  message: ""
  phase: Deployed
  pullDuration: 9m15s
  size: 3
  transitionTime: "2019-10-17T15:33:00Z"
