---
apiVersion: deckhouse.io/v1alpha1
kind: ModuleSource
metadata:
  annotations:
    modules.deckhouse.io/registry-spec-checksum: 90f0955ee984feab5c50611987008def
  creationTimestamp: null
  name: lts-source
  resourceVersion: "1000"
spec:
  registry:
    ca: ""
    dockerCfg: YXNiCg==
    repo: dev-registry.deckhouse.io/deckhouse/modules
    scheme: HTTPS
status:
  message: ""
  modules: null
  modulesCount: 0
  phase: ""
  syncTime: null
---
apiVersion: deckhouse.io/v1alpha1
kind: ModuleRelease
metadata:
  creationTimestamp: null
  labels:
    module: test-module
    source: lts-source
  name: test-module-v1.0.0
  resourceVersion: "999"
spec:
  moduleName: test-module
  version: 1.0.0
  weight: 900
status:
  approved: true
  message: ""
  phase: Deployed
  pullDuration: 0s
  size: 0
  transitionTime: null
