---
apiVersion: deckhouse.io/v1alpha1
approved: false
kind: DeckhouseRelease
metadata:
  annotations:
    release.deckhouse.io/suspended: "true"
  creationTimestamp: null
  name: v1.25.0
  resourceVersion: "1001"
spec:
  version: v1.25.0
status:
  approved: false
  message: ""
  phase: Pending
  transitionTime: null
