---
apiVersion: deckhouse.io/v1alpha1
approved: false
kind: DeckhouseRelease
metadata:
  creationTimestamp: null
  name: v1.60.1
  resourceVersion: "1000"
spec:
  version: v1.60.1
status:
  approved: false
  message: ""
  phase: Superseded
  transitionTime: "2019-10-17T15:33:00Z"
---
apiVersion: deckhouse.io/v1alpha1
approved: false
kind: DeckhouseRelease
metadata:
  annotations:
    release.deckhouse.io/isUpdating: "true"
    release.deckhouse.io/notified: "false"
    release.deckhouse.io/update-info: '{"taskCalculation":{"taskType":"process","isPatch":false,"isSingle":false,"isLatest":false},"forceRelease":{"isForced":false},"podReadiness":{"isReady":true},"requirementsCheck":{"requirementsMet":true},"preApplyCheck":{"hasDelay":false,"notificationSent":false}}'
  creationTimestamp: null
  name: v1.65.6
  resourceVersion: "1001"
spec:
  version: v1.65.6
status:
  approved: false
  message: ""
  phase: Deployed
  transitionTime: "2019-10-17T15:33:00Z"
---
apiVersion: deckhouse.io/v1alpha1
approved: false
kind: DeckhouseRelease
metadata:
  creationTimestamp: null
  name: v1.76.7
  resourceVersion: "1000"
spec:
  version: v1.76.7
status:
  approved: false
  message: minor version is greater than deployed v1.65.6 by 11, it's more than acceptable
    channel limitation
  phase: Pending
  transitionTime: null
---
apiVersion: apps/v1
kind: Deployment
metadata:
  creationTimestamp: null
  name: deckhouse
  namespace: d8-system
  resourceVersion: "1000"
spec:
  selector: null
  strategy: {}
  template:
    metadata:
      creationTimestamp: null
    spec:
      containers:
      - image: my.registry.com/deckhouse:v1.65.6
        name: deckhouse
        resources: {}
status: {}
