---
apiVersion: deckhouse.io/v1alpha1
approved: false
kind: DeckhouseRelease
metadata:
  creationTimestamp: null
  name: v1.49.0
  resourceVersion: "999"
spec:
  version: v1.49.0
status:
  approved: true
  message: ""
  phase: Deployed
  transitionTime: "2019-10-17T15:32:00Z"
---
apiVersion: deckhouse.io/v1alpha1
approved: false
kind: DeckhouseRelease
metadata:
  creationTimestamp: null
  name: v1.50.0
  resourceVersion: "1000"
spec:
  requirements:
    migratedModules: enabled-module, disabled-module
  version: v1.50.0
status:
  approved: false
  message: migrated module "disabled-module" is disabled in ModuleConfig
  phase: Pending
  transitionTime: "2019-10-17T15:33:00Z"
---
apiVersion: apps/v1
kind: Deployment
metadata:
  creationTimestamp: null
  name: deckhouse
  namespace: d8-system
  resourceVersion: "999"
spec:
  replicas: 1
  selector:
    matchLabels:
      app: deckhouse
  strategy: {}
  template:
    metadata:
      creationTimestamp: null
      labels:
        app: deckhouse
    spec:
      containers:
      - image: dev-registry.deckhouse.io/deckhouse/deckhouse:v1.49.0
        name: deckhouse
        resources: {}
status:
  readyReplicas: 1
  replicas: 1
