---
apiVersion: deckhouse.io/v1alpha1
approved: false
kind: DeckhouseRelease
metadata:
  annotations:
    release.deckhouse.io/isUpdating: "false"
    release.deckhouse.io/notified: "false"
    release.deckhouse.io/suspended: "true"
  creationTimestamp: null
  name: v1.25.0
  resourceVersion: "1"
spec:
  changelogLink: https://github.com/deckhouse/deckhouse/releases/tag/v1.25.0
  version: v1.25.0
status:
  approved: false
  message: ""
  transitionTime: null
