---
apiVersion: deckhouse.io/v1alpha1
approved: false
kind: DeckhouseRelease
metadata:
  creationTimestamp: null
  name: v1.57.3
  resourceVersion: "999"
spec:
  version: v1.57.3
status:
  approved: false
  message: ""
  phase: Deployed
  transitionTime: null
---
apiVersion: deckhouse.io/v1alpha1
approved: false
kind: DeckhouseRelease
metadata:
  annotations:
    release.deckhouse.io/isUpdating: "false"
    release.deckhouse.io/notified: "false"
  creationTimestamp: null
  name: v1.58.1
  resourceVersion: "1"
spec:
  changelogLink: https://github.com/deckhouse/deckhouse/releases/tag/v1.58.1
  version: v1.58.1
status:
  approved: false
  message: ""
  transitionTime: null
---
apiVersion: deckhouse.io/v1alpha1
approved: false
kind: DeckhouseRelease
metadata:
  annotations:
    release.deckhouse.io/isUpdating: "false"
    release.deckhouse.io/notified: "false"
  creationTimestamp: null
  name: v1.59.3
  resourceVersion: "1"
spec:
  changelogLink: https://github.com/deckhouse/deckhouse/releases/tag/v1.59.3
  version: v1.59.3
status:
  approved: false
  message: ""
  transitionTime: null
---
apiVersion: deckhouse.io/v1alpha1
approved: false
kind: DeckhouseRelease
metadata:
  annotations:
    release.deckhouse.io/isUpdating: "false"
    release.deckhouse.io/notified: "false"
  creationTimestamp: null
  name: v1.60.2
  resourceVersion: "1"
spec:
  changelogLink: https://github.com/deckhouse/deckhouse/releases/tag/v1.60.2
  version: v1.60.2
status:
  approved: false
  message: ""
  transitionTime: null
