---
apiVersion: deckhouse.io/v1alpha1
approved: false
kind: DeckhouseRelease
metadata:
  creationTimestamp: null
  name: v1.50.0
  resourceVersion: "999"
spec:
  requirements:
    migratedModules: test-module-1, test-module-missing
  version: v1.50.0
status:
  approved: false
  message: ""
  transitionTime: null
---
apiVersion: deckhouse.io/v1alpha1
kind: ModuleSource
metadata:
  creationTimestamp: null
  name: deckhouse
  resourceVersion: "999"
spec:
  registry:
    ca: ""
    dockerCfg: ""
    repo: dev-registry.deckhouse.io/deckhouse/modules
    scheme: HTTPS
status:
  message: ""
  modules:
  - name: test-module-1
  modulesCount: 1
  phase: ""
  syncTime: null
---
data:
  cluster-configuration.yaml: a3ViZXJuZXRlc1ZlcnNpb246ICIxLjI5Ig==
metadata:
  creationTimestamp: null
  name: d8-cluster-configuration
  namespace: kube-system
  resourceVersion: "1"
