---
apiVersion: deckhouse.io/v1alpha1
kind: ModuleRelease
metadata:
  creationTimestamp: null
  labels:
    module: parca
  name: parca-1.26.2
  resourceVersion: "1000"
spec:
  moduleName: parca
  version: 1.26.2
  weight: 900
status:
  approved: true
  message: ""
  phase: Deployed
  pullDuration: 0s
  size: 0
  transitionTime: "2021-12-08T08:34:01Z"
---
apiVersion: deckhouse.io/v1alpha1
kind: ModuleRelease
metadata:
  annotations:
    modules.deckhouse.io/isUpdating: "false"
    modules.deckhouse.io/notified: "true"
  creationTimestamp: null
  labels:
    module: parca
    modules.deckhouse.io/update-policy: ""
  name: parca-1.27.0
  resourceVersion: "1004"
spec:
  moduleName: parca
  version: 1.27.0
  weight: 900
status:
  approved: true
  message: 'Release is waiting for the ''modules.deckhouse.io/approved: "true"'' annotation'
  phase: Pending
  pullDuration: 0s
  size: 0
  transitionTime: null
