---
apiVersion: deckhouse.io/v1alpha1
kind: ModuleSource
metadata:
  annotations:
    modules.deckhouse.io/registry-spec-checksum: 38557e472e4e2bd8695fc58a255ec3dd
  creationTimestamp: null
  finalizers:
  - modules.deckhouse.io/release-exists
  name: foxtrot-suitable
  resourceVersion: "999"
spec:
  registry:
    ca: ""
    dockerCfg: YXNiCg==
    repo: dev-registry.deckhouse.io/team/foxtrot/modules
    scheme: HTTPS
status:
  message: ""
  modules:
  - name: demo
    policy: foxtrot-alpha-suitable
  modulesCount: 1
  phase: ""
  syncTime: "2024-05-03T21:05:05Z"
---
apiVersion: deckhouse.io/v1alpha1
kind: ModuleRelease
metadata:
  creationTimestamp: null
  name: demo-1.68.4
  ownerReferences:
  - apiVersion: deckhouse.io/v1alpha1
    controller: true
    kind: ModuleSource
    name: foxtrot-suitable
    uid: 71d2300f-700b-452a-896a-6a3805f9cef7
  resourceVersion: "1000"
spec:
  moduleName: demo
  version: 1.68.4
  weight: 900
status:
  approved: true
  message: ""
  phase: Superseded
  pullDuration: 0s
  size: 0
  transitionTime: "2019-10-17T15:33:00Z"
---
apiVersion: deckhouse.io/v1alpha1
kind: ModuleRelease
metadata:
  creationTimestamp: null
  labels:
    module: demo
    modules.deckhouse.io/update-policy: ""
    status: skipped
  name: demo-1.69.10
  ownerReferences:
  - apiVersion: deckhouse.io/v1alpha1
    controller: true
    kind: ModuleSource
    name: foxtrot-suitable
    uid: 71d2300f-700b-452a-896a-6a3805f9cef7
  resourceVersion: "1004"
spec:
  moduleName: demo
  version: 1.69.10
  weight: 900
status:
  approved: true
  message: skipped by update constraints
  phase: Skipped
  pullDuration: 0s
  size: 0
  transitionTime: "2019-10-17T15:33:00Z"
---
apiVersion: deckhouse.io/v1alpha1
kind: ModuleRelease
metadata:
  creationTimestamp: null
  labels:
    module: demo
    modules.deckhouse.io/update-policy: ""
    status: skipped
  name: demo-1.70.11
  ownerReferences:
  - apiVersion: deckhouse.io/v1alpha1
    controller: true
    kind: ModuleSource
    name: foxtrot-suitable
    uid: 71d2300f-700b-452a-896a-6a3805f9cef7
  resourceVersion: "1004"
spec:
  moduleName: demo
  version: 1.70.11
  weight: 900
status:
  approved: true
  message: skipped by update constraints
  phase: Skipped
  pullDuration: 0s
  size: 0
  transitionTime: "2019-10-17T15:33:00Z"
---
apiVersion: deckhouse.io/v1alpha1
kind: ModuleRelease
metadata:
  annotations:
    modules.deckhouse.io/isUpdating: "false"
    modules.deckhouse.io/notified: "false"
  creationTimestamp: null
  finalizers:
  - modules.deckhouse.io/exist-on-fs
  labels:
    module: demo
    modules.deckhouse.io/update-policy: ""
    status: deployed
  name: demo-1.75.2
  ownerReferences:
  - apiVersion: deckhouse.io/v1alpha1
    controller: true
    kind: ModuleSource
    name: foxtrot-suitable
    uid: 71d2300f-700b-452a-896a-6a3805f9cef7
  resourceVersion: "1005"
spec:
  moduleName: demo
  updateConstraints:
    versions:
    - from: "1.67"
      to: "1.75"
  version: 1.75.2
  weight: 900
status:
  approved: true
  message: ""
  phase: Deployed
  pullDuration: 9m15s
  size: 0
  transitionTime: null
---
apiVersion: deckhouse.io/v1alpha1
kind: Module
metadata:
  creationTimestamp: null
  name: demo
  resourceVersion: "1000"
properties: {}
status:
  conditions:
  - lastProbeTime: "2019-10-17T15:33:00Z"
    lastTransitionTime: "2019-10-17T15:33:00Z"
    status: "True"
    type: LastReleaseDeployed
  phase: Ready
