---
apiVersion: deckhouse.io/v1alpha1
kind: ModuleSource
metadata:
  creationTimestamp: null
  name: test-source
  resourceVersion: "999"
spec:
  registry:
    ca: ""
    dockerCfg: ""
    repo: registry.deckhouse.io/deckhouse/ce/modules
    scheme: HTTPS
status:
  message: ""
  modules:
  - checksum: sha256:test-checksum
    name: test-module
    version: 1.1.0
  modulesCount: 0
  phase: Active
  syncTime: null
---
apiVersion: deckhouse.io/v1alpha1
kind: ModuleRelease
metadata:
  creationTimestamp: null
  labels:
    module: test-module
    source: test-source
  name: test-module-v1.0.0
  resourceVersion: "1000"
spec:
  moduleName: test-module
  version: 1.0.0
  weight: 900
status:
  approved: false
  message: ""
  phase: Superseded
  pullDuration: 0s
  size: 0
  transitionTime: "2019-10-17T15:33:00Z"
---
apiVersion: deckhouse.io/v1alpha1
kind: ModuleRelease
metadata:
  annotations:
    modules.deckhouse.io/isUpdating: "true"
    modules.deckhouse.io/notified: "false"
  creationTimestamp: null
  finalizers:
  - modules.deckhouse.io/exist-on-fs
  labels:
    module: test-module
    modules.deckhouse.io/update-policy: ""
    source: test-source
    status: deployed
  name: test-module-v1.1.0
  resourceVersion: "1004"
spec:
  moduleName: test-module
  version: 1.1.0
  weight: 900
status:
  approved: false
  message: ""
  phase: Deployed
  pullDuration: 9m15s
  size: 0
  transitionTime: null
---
apiVersion: deckhouse.io/v1alpha1
kind: Module
metadata:
  creationTimestamp: null
  name: test-module
  resourceVersion: "999"
properties: {}
status:
  conditions:
  - lastProbeTime: null
    lastTransitionTime: null
    status: "True"
    type: IsReady
  - lastProbeTime: null
    lastTransitionTime: null
    status: "True"
    type: EnabledByModuleManager
  - lastProbeTime: null
    lastTransitionTime: null
    status: "True"
    type: EnabledByModuleConfig
  phase: Ready
