---
apiVersion: v1
data:
  .dockerconfigjson: eyJhdXRocyI6eyJyZWdpc3RyeS50ZXN0LmlvIjp7ImF1dGgiOiJkR1Z6ZERwMFpYTjAifX19
kind: Secret
metadata:
  labels:
    heritage: deckhouse
    module: ingress-nginx
  name: custom-registry-test-without-hpa-e570f89ae68092d370766cd68dab773c09746b95f5280cc03f1acdf97f83c61e
  namespace: d8-ingress-nginx
type: kubernetes.io/dockerconfigjson
