---
apiVersion: v1
data:
  ca.crt: dGVzdA==
  tls.crt: dGVzdA==
  tls.key: dGVzdA==
kind: Secret
metadata:
  labels:
    heritage: deckhouse
    module: ingress-nginx
  name: ingress-admission-certificate
  namespace: d8-ingress-nginx
type: kubernetes.io/tls
