---
apiVersion: deckhouse.io/v1alpha1
kind: ModuleDocumentation
metadata:
  creationTimestamp: null
  name: testmodule
  resourceVersion: "1000"
spec:
  checksum: abc
  path: /testmodule/v1.1.1
  version: v1.1.1
status:
  conditions:
  - address: http://10-111-111-11.d8-system.pod.cluster.local:8081
    checksum: abc
    lastTransitionTime: "2019-10-17T15:33:00Z"
    message: ""
    type: Rendered
    version: v1.1.1
  result: Rendered
